L251 LINKER/LOCATER V4.66.93.0                                                          04/09/2023  13:11:05  PAGE 1


L251 LINKER/LOCATER V4.66.93.0, INVOKED BY:
C:\KEIL_V5\C251\BIN\L251.EXE .\Objects\main.obj TO .\Objects\1 PRINT (.\Listings\1.map) CASE CLASSES (EDATA (0X0-0XFFF),
>>  HDATA (0X0-0XFFF))


CPU MODE:     251 SOURCE MODE
INTR FRAME:   2 BYTES SAVED ON INTERRUPT
MEMORY MODEL: TINY WITH FLOATING POINT ARITHMETIC


INPUT MODULES INCLUDED:
  .\Objects\main.obj (main)
         COMMENT TYPE 0: C251 V5.60.0
  C:\KEIL_V5\C251\LIB\C2SFPT.LIB (?C?FPADD)
         COMMENT TYPE 0: A251 V4.69.6.0
  C:\KEIL_V5\C251\LIB\C2SFPT.LIB (?C?FPMUL)
         COMMENT TYPE 0: A251 V4.69.6.0
  C:\KEIL_V5\C251\LIB\C2SFPT.LIB (?C?FCAST)
         COMMENT TYPE 0: A251 V4.69.6.0
  C:\KEIL_V5\C251\LIB\C2SFPT.LIB (?C?CASTF)
         COMMENT TYPE 0: A251 V4.69.6.0
  C:\KEIL_V5\C251\LIB\C2SFPT.LIB (?C?FPGETOPN)
         COMMENT TYPE 0: A251 V4.69.6.0
  C:\KEIL_V5\C251\LIB\C2ST.LIB (?C_START)
         COMMENT TYPE 0: A251 V4.69.6.0
  C:\KEIL_V5\C251\LIB\C2ST.LIB (?C?SIDIV)
         COMMENT TYPE 0: A251 V4.69.6.0


ACTIVE MEMORY CLASSES OF MODULE:  .\Objects\1 (main)

BASE        START       END         USED      MEMORY CLASS
==========================================================
000000H     000000H     000FFFH     000100H   EDATA
000000H     000000H     000FFFH               HDATA
FF0000H     FF0000H     FFFFFFH     0017CEH   CODE
000000H     000000H     00007FH     000010H   DATA


MEMORY MAP OF MODULE:  .\Objects\1 (main)


START     STOP      LENGTH    ALIGN  RELOC    MEMORY CLASS   SEGMENT NAME
=========================================================================
000000H   000007H   000008H   ---    AT..     DATA           "REG BANK 0"
000008H   00000FH   000008H   BYTE   UNIT     DATA           ?DT?MAIN
000010H   00010FH   000100H   BYTE   UNIT     EDATA          ?STACK
000110H   FEFFFFH   FEFEF0H   ---    ---      **GAP**
FF0000H   FF0002H   000003H   ---    OFFS..   CODE           ?CO?start251?4
FF0003H   FF000AH   000008H   BYTE   INSEG    CODE           ?PR?T0?MAIN
FF000BH   FF000DH   000003H   ---    OFFS..   CODE           ?PR?IV?1
FF000EH   FF0017H   00000AH   BYTE   INSEG    CODE           ?PR?WRITE?MAIN
FF0018H   FF001AH   000003H   ---    ---      **GAP**
FF001BH   FF001DH   000003H   ---    OFFS..   CODE           ?PR?IV?3
FF001EH   FF1421H   001404H   BYTE   UNIT     CODE           ?CO?MAIN
FF1422H   FF167CH   00025BH   BYTE   UNIT     CODE           ?C?LIB_CODE
FF167DH   FF1791H   000115H   BYTE   INSEG    CODE           ?PR?MAIN?MAIN
FF1792H   FF17A4H   000013H   BYTE   UNIT     CODE           ?C_C51STARTUP
FF17A5H   FF17BCH   000018H   BYTE   UNIT     CODE           ?C_C51STARTUP?1
FF17BDH   FF17BFH   000003H   BYTE   UNIT     CODE           ?C_C51STARTUP?3
FF17C0H   FF17D0H   000011H   BYTE   INSEG    CODE           ?PR?T1?MAIN



OVERLAY MAP OF MODULE:   .\Objects\1 (main)

L251 LINKER/LOCATER V4.66.93.0                                                        04/09/2023  13:11:05  PAGE 2



FUNCTION/MODULE              BIT_GROUP   DATA_GROUP 
--> CALLED FUNCTION/MODULE  START  STOP  START  STOP
====================================================
T0/main                     ----- -----  ----- -----
  +--> write/main

write/main                  ----- -----  ----- -----

*** NEW ROOT **************

T1/main                     ----- -----  ----- -----

*** NEW ROOT **************

?C_C51STARTUP?1             ----- -----  ----- -----

*** NEW ROOT **************

?C_C51STARTUP               ----- -----  ----- -----

*** NEW ROOT **************

?C_C51STARTUP?3             ----- -----  ----- -----
  +--> main/main

main/main                   ----- -----  ----- -----



PUBLIC SYMBOLS OF MODULE:  .\Objects\1 (main)


      VALUE       CLASS    TYPE      PUBLIC SYMBOL NAME
      =================================================
      00FF15BDH   CODE     NEAR LAB  ?C?CASTF
      000000FFH   NUMBER   ---       ?C?CODESEG
      00FF158AH   CODE     NEAR LAB  ?C?FCASTC
      00FF1585H   CODE     NEAR LAB  ?C?FCASTI
      00FF1580H   CODE     NEAR LAB  ?C?FCASTL
      00FF1428H   CODE     ---       ?C?FPADD
      00FF15FAH   CODE     ---       ?C?FPGETOPN2
      00FF14E0H   CODE     ---       ?C?FPMUL
      00FF1637H   CODE     ---       ?C?FPNANRESULT
      00FF163FH   CODE     ---       ?C?FPOVERFLOW
      00FF1613H   CODE     ---       ?C?FPRESULT
      00FF1629H   CODE     ---       ?C?FPRESULT2
      00FF1425H   CODE     ---       ?C?FPSUB
      00FF163CH   CODE     ---       ?C?FPUNDERFLOW
      00FF164BH   CODE     ---       ?C?SIDIV
      00FF0000H   CODE     ---       ?C?STARTUP
      00000001H   NUMBER   ---       ?C?XDATASEG
      00FF0000H   CODE     ---       ?C_STARTUP
*SFR* 000000BCH   DATA     BYTE      ADC_CONTR
*SFR* 000000DEH   DATA     BYTE      ADCCFG
*SFR* 000000EFH   DATA     BYTE      AUXINTIF
*SFR* 0000008EH   DATA     BYTE      AUXR
*SFR* 00000097H   DATA     BYTE      AUXR2
*SFR* 000000F1H   DATA     BYTE      CANICR
*SFR* 000000E6H   DATA     BYTE      CMPCR1
*SFR* 000000E7H   DATA     BYTE      CMPCR2
*SFR* 000000A8H.7 DATA     BIT       EA
*SFR* 000000BAH.7 DATA     BIT       EAXFR
*SFR* 000000A8H.1 DATA     BIT       ET0
*SFR* 000000A8H.3 DATA     BIT       ET1
L251 LINKER/LOCATER V4.66.93.0                                                        04/09/2023  13:11:05  PAGE 3


*SFR* 000000C7H   DATA     BYTE      IAP_CONTR
*SFR* 000000A8H   DATA     BYTE      IE
*SFR* 000000AFH   DATA     BYTE      IE2
*SFR* 0000008FH   DATA     BYTE      INTCLKO
      0000000DH   DATA     INT       Interrupttimes
*SFR* 000000B8H   DATA     BYTE      IP
*SFR* 000000B5H   DATA     BYTE      IP2
*SFR* 000000B6H   DATA     BYTE      IP2H
*SFR* 000000DFH   DATA     BYTE      IP3
*SFR* 000000EEH   DATA     BYTE      IP3H
*SFR* 000000B7H   DATA     BYTE      IPH
*SFR* 0000009DH   DATA     BYTE      IRCBAND
      00000009H   DATA     INT       length
*SFR* 000000F9H   DATA     BYTE      LINICR
      00FF167DH   CODE     ---       main
*SFR* 00000080H   DATA     BYTE      P0
*SFR* 00000080H.0 DATA     BIT       P00
*SFR* 00000094H   DATA     BYTE      P0M0
*SFR* 00000093H   DATA     BYTE      P0M1
*SFR* 00000090H   DATA     BYTE      P1
*SFR* 00000090H.0 DATA     BIT       P10
*SFR* 00000092H   DATA     BYTE      P1M0
*SFR* 00000091H   DATA     BYTE      P1M1
*SFR* 000000A0H   DATA     BYTE      P2
*SFR* 00000096H   DATA     BYTE      P2M0
*SFR* 00000095H   DATA     BYTE      P2M1
*SFR* 000000B0H   DATA     BYTE      P3
*SFR* 000000B2H   DATA     BYTE      P3M0
*SFR* 000000B1H   DATA     BYTE      P3M1
*SFR* 000000C0H   DATA     BYTE      P4
*SFR* 000000B4H   DATA     BYTE      P4M0
*SFR* 000000B3H   DATA     BYTE      P4M1
*SFR* 000000C8H   DATA     BYTE      P5
*SFR* 000000CAH   DATA     BYTE      P5M0
*SFR* 000000C9H   DATA     BYTE      P5M1
*SFR* 000000E8H   DATA     BYTE      P6
*SFR* 000000CCH   DATA     BYTE      P6M0
*SFR* 000000CBH   DATA     BYTE      P6M1
*SFR* 000000F8H   DATA     BYTE      P7
*SFR* 000000E2H   DATA     BYTE      P7M0
*SFR* 000000E1H   DATA     BYTE      P7M1
*SFR* 000000A2H   DATA     BYTE      P_SW1
*SFR* 000000BAH   DATA     BYTE      P_SW2
*SFR* 000000BBH   DATA     BYTE      P_SW3
*SFR* 00000087H   DATA     BYTE      PCON
*SFR* 000000D0H   DATA     BYTE      PSW
*SFR* 000000FFH   DATA     BYTE      RSTCFG
*SFR* 0000009AH   DATA     BYTE      S2CON
*SFR* 000000ACH   DATA     BYTE      S3CON
*SFR* 000000FDH   DATA     BYTE      S4CON
*SFR* 00000098H   DATA     BYTE      SCON
      00FF001EH   CODE     ---       soundTrack
*SFR* 000000CEH   DATA     BYTE      SPCTL
      0000000BH   DATA     INT       speed
*SFR* 000000CDH   DATA     BYTE      SPSTAT
      00FF0003H   CODE     ---       T0
      00FF17C0H   CODE     ---       T1
*SFR* 000000DDH   DATA     BYTE      T4T3M
*SFR* 00000088H   DATA     BYTE      TCON
*SFR* 0000008CH   DATA     BYTE      TH0
*SFR* 0000008DH   DATA     BYTE      TH1
      00FF06CAH   CODE     ---       time
      0000000FH   DATA     BYTE      Timer0H
      00000008H   DATA     BYTE      Timer0L
*SFR* 0000008AH   DATA     BYTE      TL0
L251 LINKER/LOCATER V4.66.93.0                                                        04/09/2023  13:11:05  PAGE 4


*SFR* 0000008BH   DATA     BYTE      TL1
*SFR* 00000089H   DATA     BYTE      TMOD
*SFR* 00000088H.4 DATA     BIT       TR0
*SFR* 00000088H.6 DATA     BIT       TR1
*SFR* 000000F4H   DATA     BYTE      USBCON
*SFR* 000000C1H   DATA     BYTE      WDT_CONTR
      00FF000EH   CODE     ---       write
*SFR* 000000E9H   DATA     BYTE      WTST



SYMBOL TABLE OF MODULE:  .\Objects\1 (main)

      VALUE       REP       CLASS    TYPE      SYMBOL NAME
      ====================================================
      ---         MODULE    ---      ---       main
      00FF0003H   PUBLIC    CODE     ---       T0
      00FF17C0H   PUBLIC    CODE     ---       T1
      00FF167DH   PUBLIC    CODE     ---       main
      00FF000EH   PUBLIC    CODE     ---       write
      00000008H   PUBLIC    DATA     BYTE      Timer0L
      00000009H   PUBLIC    DATA     INT       length
      0000000BH   PUBLIC    DATA     INT       speed
      0000000DH   PUBLIC    DATA     INT       Interrupttimes
      0000000FH   PUBLIC    DATA     BYTE      Timer0H
      00FF001EH   PUBLIC    CODE     ---       soundTrack
      00FF06CAH   PUBLIC    CODE     ---       time
      00000094H   SFRSYM    DATA     BYTE      P0M0
      000000D0H   SFRSYM    DATA     BYTE      PSW
      000000BAH.7 SFRSYM    DATA     BIT       EAXFR
      0000009DH   SFRSYM    DATA     BYTE      IRCBAND
      00000097H   SFRSYM    DATA     BYTE      AUXR2
      000000EFH   SFRSYM    DATA     BYTE      AUXINTIF
      000000FDH   SFRSYM    DATA     BYTE      S4CON
      000000ACH   SFRSYM    DATA     BYTE      S3CON
      0000009AH   SFRSYM    DATA     BYTE      S2CON
      000000B7H   SFRSYM    DATA     BYTE      IPH
      000000CDH   SFRSYM    DATA     BYTE      SPSTAT
      000000DDH   SFRSYM    DATA     BYTE      T4T3M
      000000C1H   SFRSYM    DATA     BYTE      WDT_CONTR
      00000088H.6 SFRSYM    DATA     BIT       TR1
      00000088H.4 SFRSYM    DATA     BIT       TR0
      000000E9H   SFRSYM    DATA     BYTE      WTST
      0000008BH   SFRSYM    DATA     BYTE      TL1
      0000008AH   SFRSYM    DATA     BYTE      TL0
      0000008DH   SFRSYM    DATA     BYTE      TH1
      0000008CH   SFRSYM    DATA     BYTE      TH0
      000000DFH   SFRSYM    DATA     BYTE      IP3
      000000F4H   SFRSYM    DATA     BYTE      USBCON
      000000B5H   SFRSYM    DATA     BYTE      IP2
      000000FFH   SFRSYM    DATA     BYTE      RSTCFG
      000000A8H.3 SFRSYM    DATA     BIT       ET1
      000000A8H.1 SFRSYM    DATA     BIT       ET0
      000000C7H   SFRSYM    DATA     BYTE      IAP_CONTR
      000000F9H   SFRSYM    DATA     BYTE      LINICR
      0000008EH   SFRSYM    DATA     BYTE      AUXR
      000000AFH   SFRSYM    DATA     BYTE      IE2
      00000088H   SFRSYM    DATA     BYTE      TCON
      00000089H   SFRSYM    DATA     BYTE      TMOD
      00000098H   SFRSYM    DATA     BYTE      SCON
      000000F1H   SFRSYM    DATA     BYTE      CANICR
      00000087H   SFRSYM    DATA     BYTE      PCON
      00000090H.0 SFRSYM    DATA     BIT       P10
      000000BCH   SFRSYM    DATA     BYTE      ADC_CONTR
      00000080H.0 SFRSYM    DATA     BIT       P00
L251 LINKER/LOCATER V4.66.93.0                                                        04/09/2023  13:11:05  PAGE 5


      000000E7H   SFRSYM    DATA     BYTE      CMPCR2
      000000E6H   SFRSYM    DATA     BYTE      CMPCR1
      000000DEH   SFRSYM    DATA     BYTE      ADCCFG
      000000B8H   SFRSYM    DATA     BYTE      IP
      0000008FH   SFRSYM    DATA     BYTE      INTCLKO
      000000EEH   SFRSYM    DATA     BYTE      IP3H
      000000B6H   SFRSYM    DATA     BYTE      IP2H
      000000A8H   SFRSYM    DATA     BYTE      IE
      000000BBH   SFRSYM    DATA     BYTE      P_SW3
      000000BAH   SFRSYM    DATA     BYTE      P_SW2
      000000A2H   SFRSYM    DATA     BYTE      P_SW1
      000000CEH   SFRSYM    DATA     BYTE      SPCTL
      000000F8H   SFRSYM    DATA     BYTE      P7
      000000A8H.7 SFRSYM    DATA     BIT       EA
      000000E1H   SFRSYM    DATA     BYTE      P7M1
      000000E8H   SFRSYM    DATA     BYTE      P6
      000000C8H   SFRSYM    DATA     BYTE      P5
      000000CBH   SFRSYM    DATA     BYTE      P6M1
      000000E2H   SFRSYM    DATA     BYTE      P7M0
      000000C0H   SFRSYM    DATA     BYTE      P4
      000000C9H   SFRSYM    DATA     BYTE      P5M1
      000000CCH   SFRSYM    DATA     BYTE      P6M0
      000000B0H   SFRSYM    DATA     BYTE      P3
      000000B3H   SFRSYM    DATA     BYTE      P4M1
      000000CAH   SFRSYM    DATA     BYTE      P5M0
      000000A0H   SFRSYM    DATA     BYTE      P2
      000000B1H   SFRSYM    DATA     BYTE      P3M1
      000000B4H   SFRSYM    DATA     BYTE      P4M0
      00000090H   SFRSYM    DATA     BYTE      P1
      00000095H   SFRSYM    DATA     BYTE      P2M1
      000000B2H   SFRSYM    DATA     BYTE      P3M0
      00000080H   SFRSYM    DATA     BYTE      P0
      00000091H   SFRSYM    DATA     BYTE      P1M1
      00000096H   SFRSYM    DATA     BYTE      P2M0
      00000092H   SFRSYM    DATA     BYTE      P1M0
      00000093H   SFRSYM    DATA     BYTE      P0M1

      00FF000EH   BLOCK     CODE     ---       LVL=0
      00FF000EH   LINE      CODE     ---       #19
      00FF000EH   LINE      CODE     ---       #21
      00FF0017H   LINE      CODE     ---       #22
      ---         BLOCKEND  ---      ---       LVL=0

      00FF0003H   BLOCK     CODE     ---       LVL=0
      00FF0003H   LINE      CODE     ---       #24
      00FF0005H   LINE      CODE     ---       #26
      00FF0008H   LINE      CODE     ---       #27
      ---         BLOCKEND  ---      ---       LVL=0

      00FF17C0H   BLOCK     CODE     ---       LVL=0
      00FF17C0H   LINE      CODE     ---       #29
      00FF17C4H   LINE      CODE     ---       #31
      00FF17CCH   LINE      CODE     ---       #32
      ---         BLOCKEND  ---      ---       LVL=0

      00FF167DH   BLOCK     CODE     ---       LVL=0
      WR30        REGSYM    ---      INT       i
      WR28        REGSYM    ---      INT       singleTime
      WR26        REGSYM    ---      INT       sign
      00FF167DH   LINE      CODE     ---       #35
      00FF167DH   LINE      CODE     ---       #36
      00FF167DH   LINE      CODE     ---       #37
      00FF1681H   LINE      CODE     ---       #38
      00FF1681H   LINE      CODE     ---       #39
      00FF1685H   LINE      CODE     ---       #40
L251 LINKER/LOCATER V4.66.93.0                                                        04/09/2023  13:11:05  PAGE 6


      00FF1685H   LINE      CODE     ---       #43
      00FF1688H   LINE      CODE     ---       #44
      00FF168BH   LINE      CODE     ---       #46
      00FF168EH   LINE      CODE     ---       #47
      00FF1691H   LINE      CODE     ---       #48
      00FF1694H   LINE      CODE     ---       #49
      00FF1697H   LINE      CODE     ---       #50
      00FF169AH   LINE      CODE     ---       #51
      00FF169DH   LINE      CODE     ---       #52
      00FF16A0H   LINE      CODE     ---       #53
      00FF16A3H   LINE      CODE     ---       #54
      00FF16A6H   LINE      CODE     ---       #55
      00FF16A9H   LINE      CODE     ---       #56
      00FF16ACH   LINE      CODE     ---       #57
      00FF16AFH   LINE      CODE     ---       #58
      00FF16B2H   LINE      CODE     ---       #59
      00FF16B5H   LINE      CODE     ---       #60
      00FF16B8H   LINE      CODE     ---       #61
      00FF16BBH   LINE      CODE     ---       #63
      00FF16BEH   LINE      CODE     ---       #65
      00FF16C1H   LINE      CODE     ---       #66
      00FF16C4H   LINE      CODE     ---       #67
      00FF16C7H   LINE      CODE     ---       #68
      00FF16CAH   LINE      CODE     ---       #70
      00FF16CCH   LINE      CODE     ---       #71
      00FF16CEH   LINE      CODE     ---       #73
      00FF16D0H   LINE      CODE     ---       #74
      00FF16D2H   LINE      CODE     ---       #76
      00FF16D4H   LINE      CODE     ---       #78
      00FF16D6H   LINE      CODE     ---       #79
      00FF16D8H   LINE      CODE     ---       #83
      00FF16D8H   LINE      CODE     ---       #86
      00FF16E1H   LINE      CODE     ---       #88
      00FF1718H   LINE      CODE     ---       #89
      00FF171DH   LINE      CODE     ---       #91
      00FF1734H   LINE      CODE     ---       #92
      00FF1744H   LINE      CODE     ---       #93
      00FF174EH   LINE      CODE     ---       #95
      00FF1750H   LINE      CODE     ---       #96
      00FF1752H   LINE      CODE     ---       #99
      00FF1755H   LINE      CODE     ---       #100
      00FF1758H   LINE      CODE     ---       #101
      00FF175AH   LINE      CODE     ---       #102
      00FF175AH   LINE      CODE     ---       #103
      00FF175EH   LINE      CODE     ---       #104
      00FF1760H   LINE      CODE     ---       #105
      00FF1766H   LINE      CODE     ---       #108
      00FF176AH   LINE      CODE     ---       #109
      00FF176FH   LINE      CODE     ---       #110
      00FF1771H   LINE      CODE     ---       #111
      00FF1775H   LINE      CODE     ---       #112
      00FF1777H   LINE      CODE     ---       #113
      00FF1777H   LINE      CODE     ---       #115
      00FF177EH   LINE      CODE     ---       #117
      00FF1780H   LINE      CODE     ---       #118
      00FF1780H   LINE      CODE     ---       #119
      00FF178AH   LINE      CODE     ---       #120
      00FF178AH   LINE      CODE     ---       #127
      00FF178CH   LINE      CODE     ---       #128
      00FF178EH   LINE      CODE     ---       #129
      00FF1790H   LINE      CODE     ---       #130
      ---         BLOCKEND  ---      ---       LVL=0

      ---         MODULE    ---      ---       ?C?FPADD
      00FF1428H   PUBLIC    CODE     ---       ?C?FPADD
L251 LINKER/LOCATER V4.66.93.0                                                        04/09/2023  13:11:05  PAGE 7


      00FF1425H   PUBLIC    CODE     ---       ?C?FPSUB

      ---         MODULE    ---      ---       ?C?FPMUL
      00FF14E0H   PUBLIC    CODE     ---       ?C?FPMUL

      ---         MODULE    ---      ---       ?C?FCAST
      00FF158AH   PUBLIC    CODE     NEAR LAB  ?C?FCASTC
      00FF1585H   PUBLIC    CODE     NEAR LAB  ?C?FCASTI
      00FF1580H   PUBLIC    CODE     NEAR LAB  ?C?FCASTL

      ---         MODULE    ---      ---       ?C?CASTF
      00FF15BDH   PUBLIC    CODE     NEAR LAB  ?C?CASTF

      ---         MODULE    ---      ---       ?C?FPGETOPN
      00FF15FAH   PUBLIC    CODE     ---       ?C?FPGETOPN2
      00FF1637H   PUBLIC    CODE     ---       ?C?FPNANRESULT
      00FF163FH   PUBLIC    CODE     ---       ?C?FPOVERFLOW
      00FF1613H   PUBLIC    CODE     ---       ?C?FPRESULT
      00FF1629H   PUBLIC    CODE     ---       ?C?FPRESULT2
      00FF163CH   PUBLIC    CODE     ---       ?C?FPUNDERFLOW

      ---         MODULE    ---      ---       ?C_START
      00FF0000H   PUBLIC    CODE     ---       ?C?STARTUP
      00FF0000H   PUBLIC    CODE     ---       ?C_STARTUP

      ---         MODULE    ---      ---       ?C?SIDIV
      00FF164BH   PUBLIC    CODE     ---       ?C?SIDIV

Program Size: data=16.0 edata+hdata=256 xdata=0 const=0 code=6094
L251 RUN COMPLETE.  0 WARNING(S),  0 ERROR(S)
