L251 LINKER/LOCATER V4.66.93.0                                                          04/09/2023  11:39:59  PAGE 1


L251 LINKER/LOCATER V4.66.93.0, INVOKED BY:
C:\KEIL_V5\C251\BIN\L251.EXE .\Objects\main.obj TO .\Objects\1 PRINT (.\Listings\1.map) CASE CLASSES (EDATA (0X0-0XFFF),
>>  HDATA (0X0-0XFFF))


CPU MODE:     251 SOURCE MODE
INTR FRAME:   2 BYTES SAVED ON INTERRUPT
MEMORY MODEL: TINY WITH FLOATING POINT ARITHMETIC


INPUT MODULES INCLUDED:
  .\Objects\main.obj (main)
         COMMENT TYPE 0: C251 V5.60.0
  C:\KEIL_V5\C251\LIB\C2SFPT.LIB (?C?FPADD)
         COMMENT TYPE 0: A251 V4.69.6.0
  C:\KEIL_V5\C251\LIB\C2SFPT.LIB (?C?FPMUL)
         COMMENT TYPE 0: A251 V4.69.6.0
  C:\KEIL_V5\C251\LIB\C2SFPT.LIB (?C?FCAST)
         COMMENT TYPE 0: A251 V4.69.6.0
  C:\KEIL_V5\C251\LIB\C2SFPT.LIB (?C?CASTF)
         COMMENT TYPE 0: A251 V4.69.6.0
  C:\KEIL_V5\C251\LIB\C2SFPT.LIB (?C?FPGETOPN)
         COMMENT TYPE 0: A251 V4.69.6.0
  C:\KEIL_V5\C251\LIB\C2ST.LIB (?C_START)
         COMMENT TYPE 0: A251 V4.69.6.0
  C:\KEIL_V5\C251\LIB\C2ST.LIB (?C?SIDIV)
         COMMENT TYPE 0: A251 V4.69.6.0


ACTIVE MEMORY CLASSES OF MODULE:  .\Objects\1 (main)

BASE        START       END         USED      MEMORY CLASS
==========================================================
000000H     000000H     000FFFH     000100H   EDATA
000000H     000000H     000FFFH               HDATA
FF0000H     FF0000H     FFFFFFH     001073H   CODE
000000H     000000H     00007FH     000016H   DATA


MEMORY MAP OF MODULE:  .\Objects\1 (main)


START     STOP      LENGTH    ALIGN  RELOC    MEMORY CLASS   SEGMENT NAME
=========================================================================
000000H   000007H   000008H   ---    AT..     DATA           "REG BANK 0"
000008H   000015H   00000EH   BYTE   UNIT     DATA           ?DT?MAIN
000016H   000115H   000100H   BYTE   UNIT     EDATA          ?STACK
000116H   FEFFFFH   FEFEEAH   ---    ---      **GAP**
FF0000H   FF0002H   000003H   ---    OFFS..   CODE           ?CO?start251?4
FF0003H   FF000AH   000008H   BYTE   INSEG    CODE           ?PR?T0?MAIN
FF000BH   FF000DH   000003H   ---    OFFS..   CODE           ?PR?IV?1
FF000EH   FF0017H   00000AH   BYTE   INSEG    CODE           ?PR?WRITE?MAIN
FF0018H   FF001AH   000003H   ---    ---      **GAP**
FF001BH   FF001DH   000003H   ---    OFFS..   CODE           ?PR?IV?3
FF001EH   FF0030H   000013H   BYTE   UNIT     CODE           ?C_C51STARTUP
FF0031H   FF005AH   00002AH   BYTE   UNIT     CODE           ?C_C51STARTUP?1
FF005BH   FF005DH   000003H   BYTE   UNIT     CODE           ?C_C51STARTUP?3
FF005EH   FF0062H   000005H   ---    ---      **GAP**
FF0063H   FF0065H   000003H   ---    OFFS..   CODE           ?PR?IV?12
FF0066H   FF0C1DH   000BB8H   BYTE   UNIT     CODE           ?CO?MAIN
FF0C1EH   FF0E78H   00025BH   BYTE   UNIT     CODE           ?C?LIB_CODE
FF0E79H   FF1053H   0001DBH   BYTE   INSEG    CODE           ?PR?MAIN?MAIN
FF1054H   FF106CH   000019H   BYTE   INSEG    CODE           ?PR?T1?MAIN
FF106DH   FF107AH   00000EH   BYTE   INSEG    CODE           ?PR?T2?MAIN


L251 LINKER/LOCATER V4.66.93.0                                                        04/09/2023  11:39:59  PAGE 2



OVERLAY MAP OF MODULE:   .\Objects\1 (main)


FUNCTION/MODULE              BIT_GROUP   DATA_GROUP 
--> CALLED FUNCTION/MODULE  START  STOP  START  STOP
====================================================
T0/main                     ----- -----  ----- -----
  +--> write/main

write/main                  ----- -----  ----- -----

*** NEW ROOT **************

T1/main                     ----- -----  ----- -----

*** NEW ROOT **************

T2/main                     ----- -----  ----- -----

*** NEW ROOT **************

?C_C51STARTUP?1             ----- -----  ----- -----

*** NEW ROOT **************

?C_C51STARTUP               ----- -----  ----- -----

*** NEW ROOT **************

?C_C51STARTUP?3             ----- -----  ----- -----
  +--> main/main

main/main                   ----- -----  ----- -----



PUBLIC SYMBOLS OF MODULE:  .\Objects\1 (main)


      VALUE       CLASS    TYPE      PUBLIC SYMBOL NAME
      =================================================
      00FF0DB9H   CODE     NEAR LAB  ?C?CASTF
      000000FFH   NUMBER   ---       ?C?CODESEG
      00FF0D86H   CODE     NEAR LAB  ?C?FCASTC
      00FF0D81H   CODE     NEAR LAB  ?C?FCASTI
      00FF0D7CH   CODE     NEAR LAB  ?C?FCASTL
      00FF0C24H   CODE     ---       ?C?FPADD
      00FF0DF6H   CODE     ---       ?C?FPGETOPN2
      00FF0CDCH   CODE     ---       ?C?FPMUL
      00FF0E33H   CODE     ---       ?C?FPNANRESULT
      00FF0E3BH   CODE     ---       ?C?FPOVERFLOW
      00FF0E0FH   CODE     ---       ?C?FPRESULT
      00FF0E25H   CODE     ---       ?C?FPRESULT2
      00FF0C21H   CODE     ---       ?C?FPSUB
      00FF0E38H   CODE     ---       ?C?FPUNDERFLOW
      00FF0E47H   CODE     ---       ?C?SIDIV
      00FF0000H   CODE     ---       ?C?STARTUP
      00000001H   NUMBER   ---       ?C?XDATASEG
      00FF0000H   CODE     ---       ?C_STARTUP
*SFR* 000000BCH   DATA     BYTE      ADC_CONTR
*SFR* 000000DEH   DATA     BYTE      ADCCFG
*SFR* 000000EFH   DATA     BYTE      AUXINTIF
*SFR* 0000008EH   DATA     BYTE      AUXR
*SFR* 00000097H   DATA     BYTE      AUXR2
L251 LINKER/LOCATER V4.66.93.0                                                        04/09/2023  11:39:59  PAGE 3


*SFR* 000000F1H   DATA     BYTE      CANICR
*SFR* 000000E6H   DATA     BYTE      CMPCR1
*SFR* 000000E7H   DATA     BYTE      CMPCR2
*SFR* 000000A8H.7 DATA     BIT       EA
*SFR* 000000BAH.7 DATA     BIT       EAXFR
*SFR* 000000A8H.1 DATA     BIT       ET0
*SFR* 000000A8H.3 DATA     BIT       ET1
*SFR* 000000AFH.2 DATA     BIT       ET2
*SFR* 000000C7H   DATA     BYTE      IAP_CONTR
*SFR* 000000A8H   DATA     BYTE      IE
*SFR* 000000AFH   DATA     BYTE      IE2
*SFR* 0000008FH   DATA     BYTE      INTCLKO
      00000013H   DATA     INT       Interrupttimes
      0000000DH   DATA     INT       Interrupttimes2
*SFR* 000000B8H   DATA     BYTE      IP
*SFR* 000000B5H   DATA     BYTE      IP2
*SFR* 000000B6H   DATA     BYTE      IP2H
*SFR* 000000DFH   DATA     BYTE      IP3
*SFR* 000000EEH   DATA     BYTE      IP3H
*SFR* 000000B7H   DATA     BYTE      IPH
*SFR* 0000009DH   DATA     BYTE      IRCBAND
      00000009H   DATA     INT       length
      00000011H   DATA     INT       length2
*SFR* 000000F9H   DATA     BYTE      LINICR
      00FF0E79H   CODE     ---       main
*SFR* 00000080H   DATA     BYTE      P0
*SFR* 00000080H.0 DATA     BIT       P00
*SFR* 00000094H   DATA     BYTE      P0M0
*SFR* 00000093H   DATA     BYTE      P0M1
*SFR* 00000090H   DATA     BYTE      P1
*SFR* 00000090H.0 DATA     BIT       P10
*SFR* 00000092H   DATA     BYTE      P1M0
*SFR* 00000091H   DATA     BYTE      P1M1
*SFR* 000000A0H   DATA     BYTE      P2
*SFR* 00000096H   DATA     BYTE      P2M0
*SFR* 00000095H   DATA     BYTE      P2M1
*SFR* 000000B0H   DATA     BYTE      P3
*SFR* 000000B2H   DATA     BYTE      P3M0
*SFR* 000000B1H   DATA     BYTE      P3M1
*SFR* 000000C0H   DATA     BYTE      P4
*SFR* 000000B4H   DATA     BYTE      P4M0
*SFR* 000000B3H   DATA     BYTE      P4M1
*SFR* 000000C8H   DATA     BYTE      P5
*SFR* 000000CAH   DATA     BYTE      P5M0
*SFR* 000000C9H   DATA     BYTE      P5M1
*SFR* 000000E8H   DATA     BYTE      P6
*SFR* 000000CCH   DATA     BYTE      P6M0
*SFR* 000000CBH   DATA     BYTE      P6M1
*SFR* 000000F8H   DATA     BYTE      P7
*SFR* 000000E2H   DATA     BYTE      P7M0
*SFR* 000000E1H   DATA     BYTE      P7M1
*SFR* 000000A2H   DATA     BYTE      P_SW1
*SFR* 000000BAH   DATA     BYTE      P_SW2
*SFR* 000000BBH   DATA     BYTE      P_SW3
*SFR* 00000087H   DATA     BYTE      PCON
*SFR* 000000D0H   DATA     BYTE      PSW
*SFR* 000000FFH   DATA     BYTE      RSTCFG
*SFR* 0000009AH   DATA     BYTE      S2CON
*SFR* 000000ACH   DATA     BYTE      S3CON
*SFR* 000000FDH   DATA     BYTE      S4CON
*SFR* 00000098H   DATA     BYTE      SCON
      00FF0066H   CODE     ---       soundTrack
      00FF06EAH   CODE     ---       soundTrack2
*SFR* 000000CEH   DATA     BYTE      SPCTL
      0000000BH   DATA     INT       speed
L251 LINKER/LOCATER V4.66.93.0                                                        04/09/2023  11:39:59  PAGE 4


*SFR* 000000CDH   DATA     BYTE      SPSTAT
      00FF0003H   CODE     ---       T0
      00FF1054H   CODE     ---       T1
      00FF106DH   CODE     ---       T2
*SFR* 000000D6H   DATA     BYTE      T2H
*SFR* 000000D7H   DATA     BYTE      T2L
*SFR* 0000008EH.4 DATA     BIT       T2R
*SFR* 000000DDH   DATA     BYTE      T4T3M
*SFR* 00000088H   DATA     BYTE      TCON
*SFR* 0000008CH   DATA     BYTE      TH0
*SFR* 0000008DH   DATA     BYTE      TH1
      00FF0292H   CODE     ---       time
      00FF08A6H   CODE     ---       time2
      00000015H   DATA     BYTE      Timer0H
      0000000FH   DATA     BYTE      Timer0H2
      00000008H   DATA     BYTE      Timer0L
      00000010H   DATA     BYTE      Timer0L2
*SFR* 0000008AH   DATA     BYTE      TL0
*SFR* 0000008BH   DATA     BYTE      TL1
*SFR* 00000089H   DATA     BYTE      TMOD
*SFR* 00000088H.4 DATA     BIT       TR0
*SFR* 00000088H.6 DATA     BIT       TR1
*SFR* 000000F4H   DATA     BYTE      USBCON
*SFR* 000000C1H   DATA     BYTE      WDT_CONTR
      00FF000EH   CODE     ---       write
*SFR* 000000E9H   DATA     BYTE      WTST



SYMBOL TABLE OF MODULE:  .\Objects\1 (main)

      VALUE       REP       CLASS    TYPE      SYMBOL NAME
      ====================================================
      ---         MODULE    ---      ---       main
      00FF0003H   PUBLIC    CODE     ---       T0
      00FF1054H   PUBLIC    CODE     ---       T1
      00FF106DH   PUBLIC    CODE     ---       T2
      00FF0E79H   PUBLIC    CODE     ---       main
      00FF000EH   PUBLIC    CODE     ---       write
      00000008H   PUBLIC    DATA     BYTE      Timer0L
      00000009H   PUBLIC    DATA     INT       length
      0000000BH   PUBLIC    DATA     INT       speed
      0000000DH   PUBLIC    DATA     INT       Interrupttimes2
      0000000FH   PUBLIC    DATA     BYTE      Timer0H2
      00000010H   PUBLIC    DATA     BYTE      Timer0L2
      00000011H   PUBLIC    DATA     INT       length2
      00000013H   PUBLIC    DATA     INT       Interrupttimes
      00000015H   PUBLIC    DATA     BYTE      Timer0H
      00FF0066H   PUBLIC    CODE     ---       soundTrack
      00FF0292H   PUBLIC    CODE     ---       time
      00FF06EAH   PUBLIC    CODE     ---       soundTrack2
      00FF08A6H   PUBLIC    CODE     ---       time2
      00000094H   SFRSYM    DATA     BYTE      P0M0
      000000D0H   SFRSYM    DATA     BYTE      PSW
      000000BAH.7 SFRSYM    DATA     BIT       EAXFR
      0000009DH   SFRSYM    DATA     BYTE      IRCBAND
      00000097H   SFRSYM    DATA     BYTE      AUXR2
      000000EFH   SFRSYM    DATA     BYTE      AUXINTIF
      000000FDH   SFRSYM    DATA     BYTE      S4CON
      000000ACH   SFRSYM    DATA     BYTE      S3CON
      0000009AH   SFRSYM    DATA     BYTE      S2CON
      000000B7H   SFRSYM    DATA     BYTE      IPH
      000000CDH   SFRSYM    DATA     BYTE      SPSTAT
      000000DDH   SFRSYM    DATA     BYTE      T4T3M
      0000008EH.4 SFRSYM    DATA     BIT       T2R
L251 LINKER/LOCATER V4.66.93.0                                                        04/09/2023  11:39:59  PAGE 5


      000000C1H   SFRSYM    DATA     BYTE      WDT_CONTR
      00000088H.6 SFRSYM    DATA     BIT       TR1
      00000088H.4 SFRSYM    DATA     BIT       TR0
      000000E9H   SFRSYM    DATA     BYTE      WTST
      000000D7H   SFRSYM    DATA     BYTE      T2L
      0000008BH   SFRSYM    DATA     BYTE      TL1
      0000008AH   SFRSYM    DATA     BYTE      TL0
      000000D6H   SFRSYM    DATA     BYTE      T2H
      0000008DH   SFRSYM    DATA     BYTE      TH1
      0000008CH   SFRSYM    DATA     BYTE      TH0
      000000DFH   SFRSYM    DATA     BYTE      IP3
      000000F4H   SFRSYM    DATA     BYTE      USBCON
      000000AFH.2 SFRSYM    DATA     BIT       ET2
      000000B5H   SFRSYM    DATA     BYTE      IP2
      000000FFH   SFRSYM    DATA     BYTE      RSTCFG
      000000A8H.3 SFRSYM    DATA     BIT       ET1
      000000A8H.1 SFRSYM    DATA     BIT       ET0
      000000C7H   SFRSYM    DATA     BYTE      IAP_CONTR
      000000F9H   SFRSYM    DATA     BYTE      LINICR
      0000008EH   SFRSYM    DATA     BYTE      AUXR
      000000AFH   SFRSYM    DATA     BYTE      IE2
      00000088H   SFRSYM    DATA     BYTE      TCON
      00000089H   SFRSYM    DATA     BYTE      TMOD
      00000098H   SFRSYM    DATA     BYTE      SCON
      000000F1H   SFRSYM    DATA     BYTE      CANICR
      00000087H   SFRSYM    DATA     BYTE      PCON
      00000090H.0 SFRSYM    DATA     BIT       P10
      000000BCH   SFRSYM    DATA     BYTE      ADC_CONTR
      00000080H.0 SFRSYM    DATA     BIT       P00
      000000E7H   SFRSYM    DATA     BYTE      CMPCR2
      000000E6H   SFRSYM    DATA     BYTE      CMPCR1
      000000DEH   SFRSYM    DATA     BYTE      ADCCFG
      000000B8H   SFRSYM    DATA     BYTE      IP
      0000008FH   SFRSYM    DATA     BYTE      INTCLKO
      000000EEH   SFRSYM    DATA     BYTE      IP3H
      000000B6H   SFRSYM    DATA     BYTE      IP2H
      000000A8H   SFRSYM    DATA     BYTE      IE
      000000BBH   SFRSYM    DATA     BYTE      P_SW3
      000000BAH   SFRSYM    DATA     BYTE      P_SW2
      000000A2H   SFRSYM    DATA     BYTE      P_SW1
      000000CEH   SFRSYM    DATA     BYTE      SPCTL
      000000F8H   SFRSYM    DATA     BYTE      P7
      000000A8H.7 SFRSYM    DATA     BIT       EA
      000000E1H   SFRSYM    DATA     BYTE      P7M1
      000000E8H   SFRSYM    DATA     BYTE      P6
      000000C8H   SFRSYM    DATA     BYTE      P5
      000000CBH   SFRSYM    DATA     BYTE      P6M1
      000000E2H   SFRSYM    DATA     BYTE      P7M0
      000000C0H   SFRSYM    DATA     BYTE      P4
      000000C9H   SFRSYM    DATA     BYTE      P5M1
      000000CCH   SFRSYM    DATA     BYTE      P6M0
      000000B0H   SFRSYM    DATA     BYTE      P3
      000000B3H   SFRSYM    DATA     BYTE      P4M1
      000000CAH   SFRSYM    DATA     BYTE      P5M0
      000000A0H   SFRSYM    DATA     BYTE      P2
      000000B1H   SFRSYM    DATA     BYTE      P3M1
      000000B4H   SFRSYM    DATA     BYTE      P4M0
      00000090H   SFRSYM    DATA     BYTE      P1
      00000095H   SFRSYM    DATA     BYTE      P2M1
      000000B2H   SFRSYM    DATA     BYTE      P3M0
      00000080H   SFRSYM    DATA     BYTE      P0
      00000091H   SFRSYM    DATA     BYTE      P1M1
      00000096H   SFRSYM    DATA     BYTE      P2M0
      00000092H   SFRSYM    DATA     BYTE      P1M0
      00000093H   SFRSYM    DATA     BYTE      P0M1
L251 LINKER/LOCATER V4.66.93.0                                                        04/09/2023  11:39:59  PAGE 6



      00FF000EH   BLOCK     CODE     ---       LVL=0
      00FF000EH   LINE      CODE     ---       #26
      00FF000EH   LINE      CODE     ---       #28
      00FF0017H   LINE      CODE     ---       #29
      ---         BLOCKEND  ---      ---       LVL=0

      00FF0003H   BLOCK     CODE     ---       LVL=0
      00FF0003H   LINE      CODE     ---       #31
      00FF0005H   LINE      CODE     ---       #33
      00FF0008H   LINE      CODE     ---       #34
      ---         BLOCKEND  ---      ---       LVL=0

      00FF106DH   BLOCK     CODE     ---       LVL=0
      00FF106DH   LINE      CODE     ---       #36
      00FF106FH   LINE      CODE     ---       #38
      00FF1078H   LINE      CODE     ---       #39
      ---         BLOCKEND  ---      ---       LVL=0

      00FF1054H   BLOCK     CODE     ---       LVL=0
      00FF1054H   LINE      CODE     ---       #41
      00FF1058H   LINE      CODE     ---       #43
      00FF1060H   LINE      CODE     ---       #44
      00FF1068H   LINE      CODE     ---       #45
      ---         BLOCKEND  ---      ---       LVL=0

      00FF0E79H   BLOCK     CODE     ---       LVL=0
      WR30        REGSYM    ---      INT       i
      WR28        REGSYM    ---      INT       singleTime
      WR26        REGSYM    ---      INT       sign
      WR24        REGSYM    ---      INT       j
      WR22        REGSYM    ---      INT       singleTime2
      WR20        REGSYM    ---      INT       sign2
      00FF0E79H   LINE      CODE     ---       #48
      00FF0E79H   LINE      CODE     ---       #49
      00FF0E79H   LINE      CODE     ---       #50
      00FF0E7DH   LINE      CODE     ---       #51
      00FF0E7FH   LINE      CODE     ---       #52
      00FF0E85H   LINE      CODE     ---       #54
      00FF0E87H   LINE      CODE     ---       #55
      00FF0E87H   LINE      CODE     ---       #56
      00FF0E87H   LINE      CODE     ---       #60
      00FF0E8AH   LINE      CODE     ---       #61
      00FF0E8DH   LINE      CODE     ---       #63
      00FF0E90H   LINE      CODE     ---       #64
      00FF0E93H   LINE      CODE     ---       #65
      00FF0E96H   LINE      CODE     ---       #66
      00FF0E99H   LINE      CODE     ---       #67
      00FF0E9CH   LINE      CODE     ---       #68
      00FF0E9FH   LINE      CODE     ---       #69
      00FF0EA2H   LINE      CODE     ---       #70
      00FF0EA5H   LINE      CODE     ---       #71
      00FF0EA8H   LINE      CODE     ---       #72
      00FF0EABH   LINE      CODE     ---       #73
      00FF0EAEH   LINE      CODE     ---       #74
      00FF0EB1H   LINE      CODE     ---       #75
      00FF0EB4H   LINE      CODE     ---       #76
      00FF0EB7H   LINE      CODE     ---       #77
      00FF0EBAH   LINE      CODE     ---       #78
      00FF0EBDH   LINE      CODE     ---       #80
      00FF0EC0H   LINE      CODE     ---       #82
      00FF0EC3H   LINE      CODE     ---       #83
      00FF0EC6H   LINE      CODE     ---       #84
      00FF0EC9H   LINE      CODE     ---       #85
      00FF0ECCH   LINE      CODE     ---       #86
L251 LINKER/LOCATER V4.66.93.0                                                        04/09/2023  11:39:59  PAGE 7


      00FF0ECFH   LINE      CODE     ---       #87
      00FF0ED2H   LINE      CODE     ---       #90
      00FF0ED4H   LINE      CODE     ---       #91
      00FF0ED6H   LINE      CODE     ---       #93
      00FF0ED8H   LINE      CODE     ---       #94
      00FF0EDAH   LINE      CODE     ---       #96
      00FF0EDDH   LINE      CODE     ---       #97
      00FF0EE0H   LINE      CODE     ---       #99
      00FF0EE2H   LINE      CODE     ---       #101
      00FF0EE4H   LINE      CODE     ---       #102
      00FF0EE6H   LINE      CODE     ---       #106
      00FF0EE6H   LINE      CODE     ---       #109
      00FF0EEFH   LINE      CODE     ---       #111
      00FF0F26H   LINE      CODE     ---       #112
      00FF0F2BH   LINE      CODE     ---       #114
      00FF0F42H   LINE      CODE     ---       #115
      00FF0F50H   LINE      CODE     ---       #116
      00FF0F5AH   LINE      CODE     ---       #118
      00FF0F5CH   LINE      CODE     ---       #119
      00FF0F5EH   LINE      CODE     ---       #122
      00FF0F61H   LINE      CODE     ---       #123
      00FF0F64H   LINE      CODE     ---       #124
      00FF0F66H   LINE      CODE     ---       #125
      00FF0F66H   LINE      CODE     ---       #126
      00FF0F6AH   LINE      CODE     ---       #127
      00FF0F6CH   LINE      CODE     ---       #128
      00FF0F72H   LINE      CODE     ---       #131
      00FF0F76H   LINE      CODE     ---       #132
      00FF0F7BH   LINE      CODE     ---       #133
      00FF0F7DH   LINE      CODE     ---       #134
      00FF0F81H   LINE      CODE     ---       #135
      00FF0F83H   LINE      CODE     ---       #136
      00FF0F83H   LINE      CODE     ---       #138
      00FF0F8AH   LINE      CODE     ---       #140
      00FF0F8CH   LINE      CODE     ---       #141
      00FF0F8CH   LINE      CODE     ---       #142
      00FF0F96H   LINE      CODE     ---       #143
      00FF0F96H   LINE      CODE     ---       #147
      00FF0F9FH   LINE      CODE     ---       #149
      00FF0FD6H   LINE      CODE     ---       #150
      00FF0FDBH   LINE      CODE     ---       #152
      00FF0FF2H   LINE      CODE     ---       #153
      00FF1000H   LINE      CODE     ---       #154
      00FF100AH   LINE      CODE     ---       #156
      00FF100DH   LINE      CODE     ---       #157
      00FF100FH   LINE      CODE     ---       #160
      00FF1012H   LINE      CODE     ---       #161
      00FF1015H   LINE      CODE     ---       #162
      00FF1018H   LINE      CODE     ---       #163
      00FF1018H   LINE      CODE     ---       #164
      00FF101CH   LINE      CODE     ---       #165
      00FF101EH   LINE      CODE     ---       #166
      00FF1024H   LINE      CODE     ---       #169
      00FF1028H   LINE      CODE     ---       #170
      00FF102DH   LINE      CODE     ---       #171
      00FF1030H   LINE      CODE     ---       #172
      00FF1034H   LINE      CODE     ---       #173
      00FF1036H   LINE      CODE     ---       #174
      00FF1036H   LINE      CODE     ---       #176
      00FF103DH   LINE      CODE     ---       #178
      00FF103FH   LINE      CODE     ---       #179
      00FF103FH   LINE      CODE     ---       #180
      00FF1049H   LINE      CODE     ---       #181
      00FF1049H   LINE      CODE     ---       #186
      00FF104BH   LINE      CODE     ---       #187
L251 LINKER/LOCATER V4.66.93.0                                                        04/09/2023  11:39:59  PAGE 8


      00FF104DH   LINE      CODE     ---       #188
      00FF1050H   LINE      CODE     ---       #189
      00FF1052H   LINE      CODE     ---       #190
      ---         BLOCKEND  ---      ---       LVL=0

      ---         MODULE    ---      ---       ?C?FPADD
      00FF0C24H   PUBLIC    CODE     ---       ?C?FPADD
      00FF0C21H   PUBLIC    CODE     ---       ?C?FPSUB

      ---         MODULE    ---      ---       ?C?FPMUL
      00FF0CDCH   PUBLIC    CODE     ---       ?C?FPMUL

      ---         MODULE    ---      ---       ?C?FCAST
      00FF0D86H   PUBLIC    CODE     NEAR LAB  ?C?FCASTC
      00FF0D81H   PUBLIC    CODE     NEAR LAB  ?C?FCASTI
      00FF0D7CH   PUBLIC    CODE     NEAR LAB  ?C?FCASTL

      ---         MODULE    ---      ---       ?C?CASTF
      00FF0DB9H   PUBLIC    CODE     NEAR LAB  ?C?CASTF

      ---         MODULE    ---      ---       ?C?FPGETOPN
      00FF0DF6H   PUBLIC    CODE     ---       ?C?FPGETOPN2
      00FF0E33H   PUBLIC    CODE     ---       ?C?FPNANRESULT
      00FF0E3BH   PUBLIC    CODE     ---       ?C?FPOVERFLOW
      00FF0E0FH   PUBLIC    CODE     ---       ?C?FPRESULT
      00FF0E25H   PUBLIC    CODE     ---       ?C?FPRESULT2
      00FF0E38H   PUBLIC    CODE     ---       ?C?FPUNDERFLOW

      ---         MODULE    ---      ---       ?C_START
      00FF0000H   PUBLIC    CODE     ---       ?C?STARTUP
      00FF0000H   PUBLIC    CODE     ---       ?C_STARTUP

      ---         MODULE    ---      ---       ?C?SIDIV
      00FF0E47H   PUBLIC    CODE     ---       ?C?SIDIV

Program Size: data=22.0 edata+hdata=256 xdata=0 const=0 code=4211
L251 RUN COMPLETE.  0 WARNING(S),  0 ERROR(S)
